// Jest Snapshot v1, https://goo.gl/fbAQLP

exports[`Developer renders correctly 1`] = `
<section>
  <p
    className="MuiTypography-root-1 MuiTypography-body1-10"
  />
  <h1
    className="MuiTypography-root-1 MuiTypography-display2-4"
  >
    Developer name: 
    Hello
  </h1>
</section>
`;
